
> sensetree@1.0.0 tauri
> tauri dev


> sensetree@1.0.0 dev
> vite

[2m14:42:38[22m [36m[1m[vite][22m[39m [90m[2m(client)[22m[39m Re-optimizing dependencies because vite config has changed

  [32m[1mVITE[22m v7.3.6[39m  [2mready in [0m[1m1067[22m[2m[0m ms[22m

  [32m➜[39m  [1mLocal[22m:   [36mhttp://localhost:[1m1420[22m/[39m
[2m2026-07-13T12:42:43.399315Z[0m [32m INFO[0m [2msensetree_lib::crawler[0m[2m:[0m 🕷️ Crawler démarré sur : C:\Users\virgi\Documents
[2m2026-07-13T12:42:43.399315Z[0m [32m INFO[0m [2msensetree_lib::worker[0m[2m:[0m 👷 Worker d'indexation sémantique démarré.
[2m2026-07-13T12:42:43.399315Z[0m [32m INFO[0m [2msensetree_lib[0m[2m:[0m ✅ SenseTree prêt. DB="C:\\Users\\virgi\\AppData\\Roaming\\com.virgi.sensetree\\sensetree.sqlite"
[2m2026-07-13T12:42:43.399368Z[0m [32m INFO[0m [2msensetree_lib::classifier[0m[2m:[0m 🧭 Classifieur de dossiers en attente démarré.
[2m2026-07-13T12:42:43.399675Z[0m [32m INFO[0m [2msensetree_lib::watchdog[0m[2m:[0m 🛡️ Watchdog actif sur : C:\Users\virgi\Documents
[2m2026-07-13T12:43:06.807714Z[0m [33m WARN[0m [2msensetree_lib::worker[0m[2m:[0m worker: échec sur C:\Users\virgi\Documents\Ableton : appel /embeddings
[2m2026-07-13T12:43:18.671324Z[0m [32m INFO[0m [2msensetree_lib::crawler[0m[2m:[0m ✅ Scan de C:\Users\virgi\Documents terminé en 35.27s. Fichiers: 19164, à jour: 1137, en file: 17741, blocs: 27, reportés: 0, orphelins: 0.
[2m2026-07-13T12:43:30.178112Z[0m [33m WARN[0m [2msensetree_lib::worker[0m[2m:[0m worker: échec sur C:\Users\virgi\Documents\Code\C++\ALGOR_TP2-fr\ALGOR_TP2-fr\build\debug : appel /embeddings
[2m2026-07-13T12:43:53.571524Z[0m [33m WARN[0m [2msensetree_lib::worker[0m[2m:[0m worker: échec sur C:\Users\virgi\Documents\Cours\1A\DesignGraphique\ProgrammeFCNE_Contenusbruts\__MACOSX\ProgrammeFCNE_Contenusbruts\PartenairesFCNE_logos : appel /embeddings
[2m2026-07-13T12:44:16.943746Z[0m [33m WARN[0m [2msensetree_lib::worker[0m[2m:[0m worker: échec sur C:\Users\virgi\Documents\Cours\1A\Inf107\Ripes-v2.2.6-win-x86_64 : appel /embeddings
[2m2026-07-13T12:44:40.331838Z[0m [33m WARN[0m [2msensetree_lib::worker[0m[2m:[0m worker: échec sur C:\Users\virgi\Documents\Cyber\ghidra_11.4.3_PUBLIC\Ghidra\Features\Jython\data\jython-2.7.4\Lib\site-packages : appel /embeddings
[2m2026-07-13T12:45:03.721440Z[0m [33m WARN[0m [2msensetree_lib::worker[0m[2m:[0m worker: échec sur C:\Users\virgi\Documents\Cours\1A\ProjetArtefact\team4\artefactenv\Lib\site-packages : appel /embeddings
[2m2026-07-13T12:45:27.152782Z[0m [33m WARN[0m [2msensetree_lib::worker[0m[2m:[0m worker: échec sur C:\Users\virgi\Documents\Cours\1A\ProjetArtefact\team4\course\venv : appel /embeddings
[2m2026-07-13T12:45:50.533559Z[0m [33m WARN[0m [2msensetree_lib::worker[0m[2m:[0m worker: échec sur C:\Users\virgi\Documents\Cours\1A\ProjetArtishow\snster\snster\src\templates\debian : appel /embeddings
[2m2026-07-13T12:46:13.895687Z[0m [33m WARN[0m [2msensetree_lib::worker[0m[2m:[0m worker: échec sur C:\Users\virgi\Documents\Ableton : appel /embeddings
[2m2026-07-13T12:46:37.337258Z[0m [33m WARN[0m [2msensetree_lib::worker[0m[2m:[0m worker: échec sur C:\Users\virgi\Documents\Code\C++\ALGOR_TP2-fr\ALGOR_TP2-fr\build\debug : appel /embeddings
[2m2026-07-13T12:47:00.749041Z[0m [33m WARN[0m [2msensetree_lib::worker[0m[2m:[0m worker: échec sur C:\Users\virgi\Documents\Cours\1A\Inf107\Ripes-v2.2.6-win-x86_64 : appel /embeddings
[2m2026-07-13T12:47:24.164208Z[0m [33m WARN[0m [2msensetree_lib::worker[0m[2m:[0m worker: échec sur C:\Users\virgi\Documents\Cyber\ghidra_11.4.3_PUBLIC\Ghidra\Features\Jython\data\jython-2.7.4\Lib\site-packages : appel /embeddings
[2m2026-07-13T12:47:47.582060Z[0m [33m WARN[0m [2msensetree_lib::worker[0m[2m:[0m worker: échec sur C:\Users\virgi\Documents\Cours\1A\ProjetArtefact\team4\artefactenv\Lib\site-packages : appel /embeddings
[2m2026-07-13T12:48:11.003277Z[0m [33m WARN[0m [2msensetree_lib::worker[0m[2m:[0m worker: échec sur C:\Users\virgi\Documents\Cours\1A\ProjetArtefact\team4\course\venv : appel /embeddings
[2m2026-07-13T12:48:34.402043Z[0m [33m WARN[0m [2msensetree_lib::worker[0m[2m:[0m worker: échec sur C:\Users\virgi\Documents\Cours\1A\ProjetArtishow\snster\snster\src\templates\debian : appel /embeddings
[2m2026-07-13T12:48:57.776536Z[0m [33m WARN[0m [2msensetree_lib::worker[0m[2m:[0m worker: échec sur C:\Users\virgi\Documents\Cyber\ghidra_11.4.3_PUBLIC\Ghidra\Framework : appel /embeddings
[2m2026-07-13T12:49:21.190263Z[0m [33m WARN[0m [2msensetree_lib::worker[0m[2m:[0m worker: échec sur C:\Users\virgi\Documents\Ableton : appel /embeddings
[2m2026-07-13T12:49:36.114576Z[0m [32m INFO[0m [2msensetree_lib[0m[2m:[0m indexation en pause
[2m2026-07-13T12:49:36.115226Z[0m [32m INFO[0m [2msensetree_lib[0m[2m:[0m indexation en pause
[2m2026-07-13T12:49:44.572931Z[0m [33m WARN[0m [2msensetree_lib::worker[0m[2m:[0m worker: échec sur C:\Users\virgi\Documents\Code\C++\ALGOR_TP2-fr\ALGOR_TP2-fr\build\debug : appel /embeddings
[2m2026-07-13T12:50:07.995887Z[0m [33m WARN[0m [2msensetree_lib::worker[0m[2m:[0m worker: échec sur C:\Users\virgi\Documents\Cours\1A\Inf107\Ripes-v2.2.6-win-x86_64 : appel /embeddings
[2m2026-07-13T12:50:31.427576Z[0m [33m WARN[0m [2msensetree_lib::worker[0m[2m:[0m worker: échec sur C:\Users\virgi\Documents\Cyber\ghidra_11.4.3_PUBLIC\Ghidra\Features\Jython\data\jython-2.7.4\Lib\site-packages : appel /embeddings
[2m2026-07-13T12:50:54.805408Z[0m [33m WARN[0m [2msensetree_lib::worker[0m[2m:[0m worker: échec sur C:\Users\virgi\Documents\Cours\1A\ProjetArtefact\team4\artefactenv\Lib\site-packages : appel /embeddings
[2m2026-07-13T12:51:18.208100Z[0m [33m WARN[0m [2msensetree_lib::worker[0m[2m:[0m worker: échec sur C:\Users\virgi\Documents\Cours\1A\ProjetArtefact\team4\course\venv : appel /embeddings
[2m2026-07-13T12:51:41.594487Z[0m [33m WARN[0m [2msensetree_lib::worker[0m[2m:[0m worker: échec sur C:\Users\virgi\Documents\Cours\1A\ProjetArtishow\snster\snster\src\templates\debian : appel /embeddings
[2m2026-07-13T12:52:05.045096Z[0m [33m WARN[0m [2msensetree_lib::worker[0m[2m:[0m worker: échec sur C:\Users\virgi\Documents\Cyber\ghidra_11.4.3_PUBLIC\Ghidra\Framework : appel /embeddings
[2m2026-07-13T12:52:05.055108Z[0m [32m INFO[0m [2msensetree_lib::worker[0m[2m:[0m ⏸️ indexation en pause — embedder déchargé (CPU/GPU libérés)
